2019-09-23 15:25:31,309: WARNING: Test
09232019 03:27:05 PM: WARNING: Test
09-23-2019 03:27:43 PM: WARNING: Test
09-23-2019 03:44:54 PM: WARNING: Test
